CCS PCH C Compiler, Version 5.008, 5967               10-mai-20 15:47

               Filename:   C:\Users\robin\Documents\GitHub\ProjetElectronique2TIG8\CodeC\main.lst

               ROM used:   2106 bytes (6%)
                           Largest free fragment is 30658
               RAM used:   35 (2%) at main() level
                           90 (6%) worst case
               Stack used: 4 locations (2 in main + 2 for interrupts)
               Stack size: 31

*
0000:  GOTO   05C2
*
0008:  MOVWF  04
000A:  MOVFF  FD8,05
000E:  MOVFF  FE0,06
0012:  MOVLB  0
0014:  MOVFF  FE9,0C
0018:  MOVFF  FEA,07
001C:  MOVFF  FE1,08
0020:  MOVFF  FE2,09
0024:  MOVFF  FD9,0A
0028:  MOVFF  FDA,0B
002C:  MOVFF  FF3,12
0030:  MOVFF  FF4,13
0034:  MOVFF  FFA,14
0038:  MOVFF  00,0E
003C:  MOVFF  01,0F
0040:  MOVFF  02,10
0044:  MOVFF  03,11
0048:  BTFSS  F9D.5
004A:  GOTO   0054
004E:  BTFSC  F9E.5
0050:  GOTO   00EA
0054:  MOVFF  0E,00
0058:  MOVFF  0F,01
005C:  MOVFF  10,02
0060:  MOVFF  11,03
0064:  MOVFF  0C,FE9
0068:  MOVFF  07,FEA
006C:  BSF    07.7
006E:  MOVFF  08,FE1
0072:  MOVFF  09,FE2
0076:  MOVFF  0A,FD9
007A:  MOVFF  0B,FDA
007E:  MOVFF  12,FF3
0082:  MOVFF  13,FF4
0086:  MOVFF  14,FFA
008A:  MOVF   04,W
008C:  MOVFF  06,FE0
0090:  MOVFF  05,FD8
0094:  RETFIE 0
.................... #include <main.h> 
.................... #include <18F458.h> 
.................... //////// Standard Header file for the PIC18F458 device //////////////// 
.................... #device PIC18F458 
0096:  CLRF   54
0098:  CLRF   55
009A:  MOVLW  01
009C:  MOVWF  56
009E:  CLRF   FDA
00A0:  CLRF   FD9
00A2:  CLRF   59
00A4:  MOVLW  4C
00A6:  MOVWF  58
00A8:  CLRF   FEA
00AA:  MOVLW  50
00AC:  MOVWF  FE9
00AE:  MOVFF  59,FE2
00B2:  MOVFF  58,FE1
00B6:  MOVFF  56,57
00BA:  BCF    FD8.0
00BC:  MOVF   FE5,W
00BE:  MULWF  FEE
00C0:  MOVF   FF3,W
00C2:  ADDWFC 54,F
00C4:  MOVF   FF4,W
00C6:  ADDWFC 55,F
00C8:  DECFSZ 57,F
00CA:  BRA    00BA
00CC:  MOVFF  54,FDE
00D0:  MOVFF  55,54
00D4:  CLRF   55
00D6:  BTFSC  FD8.0
00D8:  INCF   55,F
00DA:  INCF   58,F
00DC:  BTFSC  FD8.2
00DE:  INCF   59,F
00E0:  INCF   56,F
00E2:  MOVF   56,W
00E4:  SUBLW  05
00E6:  BNZ   00A8
00E8:  RETURN 0
*
0276:  MOVLW  8E
0278:  MOVWF  00
027A:  MOVFF  2B,01
027E:  MOVFF  2A,02
0282:  CLRF   03
0284:  MOVF   01,F
0286:  BNZ   029A
0288:  MOVFF  02,01
028C:  CLRF   02
028E:  MOVLW  08
0290:  SUBWF  00,F
0292:  MOVF   01,F
0294:  BNZ   029A
0296:  CLRF   00
0298:  BRA    02AA
029A:  BCF    FD8.0
029C:  BTFSC  01.7
029E:  BRA    02A8
02A0:  RLCF   02,F
02A2:  RLCF   01,F
02A4:  DECF   00,F
02A6:  BRA    029A
02A8:  BCF    01.7
02AA:  GOTO   0424 (RETURN)
02AE:  MOVF   2A,W
02B0:  BTFSC  FD8.2
02B2:  BRA    0396
02B4:  MOVWF  00
02B6:  MOVF   2E,W
02B8:  BTFSC  FD8.2
02BA:  BRA    0396
02BC:  ADDWF  00,F
02BE:  BNC   02C8
02C0:  MOVLW  81
02C2:  ADDWF  00,F
02C4:  BC    0396
02C6:  BRA    02D0
02C8:  MOVLW  7F
02CA:  SUBWF  00,F
02CC:  BNC   0396
02CE:  BZ    0396
02D0:  MOVFF  2B,32
02D4:  MOVF   2F,W
02D6:  XORWF  32,F
02D8:  BSF    2B.7
02DA:  BSF    2F.7
02DC:  MOVF   2D,W
02DE:  MULWF  31
02E0:  MOVFF  FF4,34
02E4:  MOVF   2C,W
02E6:  MULWF  30
02E8:  MOVFF  FF4,03
02EC:  MOVFF  FF3,33
02F0:  MULWF  31
02F2:  MOVF   FF3,W
02F4:  ADDWF  34,F
02F6:  MOVF   FF4,W
02F8:  ADDWFC 33,F
02FA:  MOVLW  00
02FC:  ADDWFC 03,F
02FE:  MOVF   2D,W
0300:  MULWF  30
0302:  MOVF   FF3,W
0304:  ADDWF  34,F
0306:  MOVF   FF4,W
0308:  ADDWFC 33,F
030A:  MOVLW  00
030C:  CLRF   02
030E:  ADDWFC 03,F
0310:  ADDWFC 02,F
0312:  MOVF   2B,W
0314:  MULWF  31
0316:  MOVF   FF3,W
0318:  ADDWF  33,F
031A:  MOVF   FF4,W
031C:  ADDWFC 03,F
031E:  MOVLW  00
0320:  ADDWFC 02,F
0322:  MOVF   2B,W
0324:  MULWF  30
0326:  MOVF   FF3,W
0328:  ADDWF  03,F
032A:  MOVF   FF4,W
032C:  ADDWFC 02,F
032E:  MOVLW  00
0330:  CLRF   01
0332:  ADDWFC 01,F
0334:  MOVF   2D,W
0336:  MULWF  2F
0338:  MOVF   FF3,W
033A:  ADDWF  33,F
033C:  MOVF   FF4,W
033E:  ADDWFC 03,F
0340:  MOVLW  00
0342:  ADDWFC 02,F
0344:  ADDWFC 01,F
0346:  MOVF   2C,W
0348:  MULWF  2F
034A:  MOVF   FF3,W
034C:  ADDWF  03,F
034E:  MOVF   FF4,W
0350:  ADDWFC 02,F
0352:  MOVLW  00
0354:  ADDWFC 01,F
0356:  MOVF   2B,W
0358:  MULWF  2F
035A:  MOVF   FF3,W
035C:  ADDWF  02,F
035E:  MOVF   FF4,W
0360:  ADDWFC 01,F
0362:  INCF   00,F
0364:  BTFSC  01.7
0366:  BRA    0372
0368:  RLCF   33,F
036A:  RLCF   03,F
036C:  RLCF   02,F
036E:  RLCF   01,F
0370:  DECF   00,F
0372:  MOVLW  00
0374:  BTFSS  33.7
0376:  BRA    038C
0378:  INCF   03,F
037A:  ADDWFC 02,F
037C:  ADDWFC 01,F
037E:  MOVF   01,W
0380:  BNZ   038C
0382:  MOVF   02,W
0384:  BNZ   038C
0386:  MOVF   03,W
0388:  BNZ   038C
038A:  INCF   00,F
038C:  BTFSC  32.7
038E:  BSF    01.7
0390:  BTFSS  32.7
0392:  BCF    01.7
0394:  BRA    039E
0396:  CLRF   00
0398:  CLRF   01
039A:  CLRF   02
039C:  CLRF   03
039E:  GOTO   0456 (RETURN)
03A2:  MOVF   2A,W
03A4:  SUBLW  B6
03A6:  MOVWF  2A
03A8:  CLRF   03
03AA:  MOVFF  2B,2E
03AE:  BSF    2B.7
03B0:  BCF    FD8.0
03B2:  RRCF   2B,F
03B4:  RRCF   2C,F
03B6:  RRCF   2D,F
03B8:  RRCF   03,F
03BA:  RRCF   02,F
03BC:  RRCF   01,F
03BE:  RRCF   00,F
03C0:  DECFSZ 2A,F
03C2:  BRA    03B0
03C4:  BTFSS  2E.7
03C6:  BRA    03DE
03C8:  COMF   00,F
03CA:  COMF   01,F
03CC:  COMF   02,F
03CE:  COMF   03,F
03D0:  INCF   00,F
03D2:  BTFSC  FD8.2
03D4:  INCF   01,F
03D6:  BTFSC  FD8.2
03D8:  INCF   02,F
03DA:  BTFSC  FD8.2
03DC:  INCF   03,F
03DE:  GOTO   0468 (RETURN)
*
048C:  BTFSC  FD8.1
048E:  BRA    0496
0490:  CLRF   FEA
0492:  MOVLW  36
0494:  MOVWF  FE9
0496:  CLRF   00
0498:  CLRF   01
049A:  CLRF   02
049C:  CLRF   03
049E:  CLRF   36
04A0:  CLRF   37
04A2:  CLRF   38
04A4:  CLRF   39
04A6:  MOVF   35,W
04A8:  IORWF  34,W
04AA:  IORWF  33,W
04AC:  IORWF  32,W
04AE:  BZ    0508
04B0:  MOVLW  20
04B2:  MOVWF  3A
04B4:  BCF    FD8.0
04B6:  RLCF   2E,F
04B8:  RLCF   2F,F
04BA:  RLCF   30,F
04BC:  RLCF   31,F
04BE:  RLCF   36,F
04C0:  RLCF   37,F
04C2:  RLCF   38,F
04C4:  RLCF   39,F
04C6:  MOVF   35,W
04C8:  SUBWF  39,W
04CA:  BNZ   04DC
04CC:  MOVF   34,W
04CE:  SUBWF  38,W
04D0:  BNZ   04DC
04D2:  MOVF   33,W
04D4:  SUBWF  37,W
04D6:  BNZ   04DC
04D8:  MOVF   32,W
04DA:  SUBWF  36,W
04DC:  BNC   04FC
04DE:  MOVF   32,W
04E0:  SUBWF  36,F
04E2:  MOVF   33,W
04E4:  BTFSS  FD8.0
04E6:  INCFSZ 33,W
04E8:  SUBWF  37,F
04EA:  MOVF   34,W
04EC:  BTFSS  FD8.0
04EE:  INCFSZ 34,W
04F0:  SUBWF  38,F
04F2:  MOVF   35,W
04F4:  BTFSS  FD8.0
04F6:  INCFSZ 35,W
04F8:  SUBWF  39,F
04FA:  BSF    FD8.0
04FC:  RLCF   00,F
04FE:  RLCF   01,F
0500:  RLCF   02,F
0502:  RLCF   03,F
0504:  DECFSZ 3A,F
0506:  BRA    04B4
0508:  MOVFF  36,FEF
050C:  MOVFF  37,FEC
0510:  MOVFF  38,FEC
0514:  MOVFF  39,FEC
0518:  RETURN 0
051A:  MOVF   FE9,W
051C:  MOVWF  26
051E:  MOVLW  3B
0520:  MOVWF  2D
0522:  MOVLW  9A
0524:  MOVWF  2C
0526:  MOVLW  CA
0528:  MOVWF  2B
052A:  CLRF   2A
052C:  MOVLW  0A
052E:  MOVWF  28
0530:  BSF    FD8.1
0532:  CLRF   FEA
0534:  MOVLW  22
0536:  MOVWF  FE9
0538:  MOVFF  25,31
053C:  MOVFF  24,30
0540:  MOVFF  23,2F
0544:  MOVFF  22,2E
0548:  MOVFF  2D,35
054C:  MOVFF  2C,34
0550:  MOVFF  2B,33
0554:  MOVFF  2A,32
0558:  RCALL  048C
055A:  MOVF   01,W
055C:  MOVF   00,F
055E:  BNZ   057E
0560:  MOVF   28,W
0562:  XORLW  01
0564:  BZ    057E
0566:  MOVF   26,W
0568:  BZ    0580
056A:  ANDLW  0F
056C:  SUBWF  28,W
056E:  BZ    0572
0570:  BC    058E
0572:  BTFSC  26.7
0574:  BRA    058E
0576:  BTFSC  26.6
0578:  BRA    0580
057A:  MOVLW  20
057C:  BRA    0582
057E:  CLRF   26
0580:  MOVLW  30
0582:  ADDWF  00,F
0584:  MOVF   00,W
0586:  CLRWDT
0588:  BTFSS  F9E.4
058A:  BRA    0586
058C:  MOVWF  FAD
058E:  BCF    FD8.1
0590:  MOVFF  2D,31
0594:  MOVFF  2C,30
0598:  MOVFF  2B,2F
059C:  MOVFF  2A,2E
05A0:  CLRF   35
05A2:  CLRF   34
05A4:  CLRF   33
05A6:  MOVLW  0A
05A8:  MOVWF  32
05AA:  RCALL  048C
05AC:  MOVFF  03,2D
05B0:  MOVFF  02,2C
05B4:  MOVFF  01,2B
05B8:  MOVFF  00,2A
05BC:  DECFSZ 28,F
05BE:  BRA    0530
05C0:  RETURN 0
....................  
.................... #list 
....................  
.................... #device ADC=16 
....................  
.................... #FUSES NOWDT                    //No Watch Dog Timer 
.................... #FUSES WDT128                   //Watch Dog Timer uses 1:128 Postscale 
.................... #FUSES RC_IO                    //Resistor/Capacitor Osc 
.................... #FUSES NOOSCSEN                 //Oscillator switching is disabled, main oscillator is source 
.................... #FUSES NOPUT                    //No Power Up Timer 
.................... #FUSES NOBROWNOUT               //No brownout reset 
.................... //#FUSES BORV20                   //Brownout reset at 2.0V 
.................... #FUSES STVREN                   //Stack full/underflow will cause reset 
.................... #FUSES NOLVP                    //No low voltage prgming, B3(PIC16) or B5(PIC18) used for I/O 
.................... #FUSES NODEBUG                  //No Debug mode for ICD 
.................... #FUSES NOPROTECT                //Code not protected from reading 
.................... #FUSES NOCPB                    //No Boot Block code protection 
.................... #FUSES NOCPD                    //No EE protection 
.................... #FUSES NOWRT                    //Program memory not write protected 
.................... #FUSES NOWRTC                   //configuration not registers write protected 
.................... #FUSES NOWRTB                   //Boot block not write protected 
.................... #FUSES NOWRTD                   //Data EEPROM not write protected 
.................... #FUSES NOEBTR                   //Memory not protected from table reads 
.................... #FUSES NOEBTRB                  //Boot block not protected from table reads 
.................... #use delay(crystal=20000000) 
*
0250:  CLRF   FEA
0252:  MOVLW  23
0254:  MOVWF  FE9
0256:  MOVF   FEF,W
0258:  BZ    0274
025A:  MOVLW  06
025C:  MOVWF  01
025E:  CLRF   00
0260:  DECFSZ 00,F
0262:  BRA    0260
0264:  DECFSZ 01,F
0266:  BRA    025E
0268:  MOVLW  7B
026A:  MOVWF  00
026C:  DECFSZ 00,F
026E:  BRA    026C
0270:  DECFSZ FEF,F
0272:  BRA    025A
0274:  RETURN 0
....................  
.................... #use rs232(baud=9600,parity=N,xmit=PIN_C6,rcv=PIN_C7,bits=8,restart_wdt) 
....................  
....................  
.................... int32 seuilLimite = 70; 
.................... /* 
.................... utilisation de ce tableau pour 2 raisons : 
....................    1) Proteus n'allumant parfois pas l'afficher à 7seg, cela permet donc de lui 
....................    forcer à afficher la valeur voulu (problème dans les fichiers dw de proteus). 
....................    2) La conversion de décimal à hexadécimal et permet donc un affichage exact 
....................    de la valeur calculé. 
....................  
.................... int seg [] = {0x0,0x1,0x2,0x3,0x4,0x5,0x6,0x7,0x8,0x9, 
....................                0x10,0x11,0x12,0x13,0x14,0x15,0x16,0x17,0x18,0x19, 
....................                0x20,0x21,0x22,0x23,0x24,0x25,0x26,0x27,0x28,0x29, 
....................                0x30,0x31,0x32,0x33,0x34,0x35,0x36,0x37,0x38,0x39, 
....................                0x40,0x41,0x42,0x43,0x44,0x45,0x46,0x47,0x48,0x49, 
....................                0x50,0x51,0x52,0x53,0x54,0x55,0x56,0x57,0x58,0x59, 
....................                0x60,0x61,0x62,0x63,0x64,0x65,0x66,0x67,0x68,0x69, 
....................                0x70,0x71,0x72,0x73,0x74,0x75,0x76,0x77,0x78,0x79, 
....................                0x80,0x81,0x82,0x83,0x84,0x85,0x86,0x87,0x88,0x89, 
....................                0x90,0x91,0x92,0x93,0x94,0x95,0x96,0x97,0x98,0x99}; 
.................... */ 
.................... int32 distance = 0; 
.................... /* 
.................... Fonction permettant de calculer la distance, Nous envoyons une impulsion au Trigger 
.................... de la sonde à ultrason avec un délais de 20us, lorsque la pin_b3(Echo) est à high, 
.................... nous réceptionnons à ce moment la le temps parcouru, après ça le calculer et enfin 
.................... l'envoyer pour permettre aux 7segments de l'afficher. 
.................... */ 
.................... int32 valeurDist(){ 
*
03E2:  CLRF   25
03E4:  CLRF   24
03E6:  CLRF   23
03E8:  CLRF   22
03EA:  CLRF   29
03EC:  CLRF   28
03EE:  CLRF   27
03F0:  CLRF   26
....................    float temps=0; 
....................    int32 dist=0; 
....................     
....................    output_high(pin_b7); //Impulsion envoyé sur le trigger de la sonde à ultrasons HC-sr04  
03F2:  BCF    F93.7
03F4:  BSF    F8A.7
....................    delay_us(20);  
03F6:  MOVLW  20
03F8:  MOVWF  00
03FA:  DECFSZ 00,F
03FC:  BRA    03FA
03FE:  BRA    0400
0400:  NOP   
....................    output_low(pin_b7); //Fin de l'impulsion 
0402:  BCF    F93.7
0404:  BCF    F8A.7
....................     
....................    while(!input(PIN_b3)); //tant que la pin b3 est à low (pour attendre que l'impulsion revienne) 
0406:  BSF    F93.3
0408:  BTFSS  F81.3
040A:  BRA    0406
....................       set_timer1(0); //mise à zéro du timer 1, Initialise l'horloge/compteur timer0. La valeur peut être de 8 bits ou de 16  
040C:  CLRF   FCF
040E:  CLRF   FCE
....................        
....................    while(input(PIN_b3)); //tant que la pin b3 est à high (donc que l'impulsion est revenu) 
0410:  BSF    F93.3
0412:  BTFSC  F81.3
0414:  BRA    0410
....................       temps=get_timer1(); //récupération donc du timer (du temps) 
0416:  MOVF   FCE,W
0418:  MOVFF  FCF,03
041C:  MOVWF  2A
041E:  MOVFF  FCF,2B
0422:  BRA    0276
0424:  MOVFF  03,25
0428:  MOVFF  02,24
042C:  MOVFF  01,23
0430:  MOVFF  00,22
....................       
....................     
....................    dist = temps*0.00344;// Calcule de la distance en sachant que la vitesse du son est de 340m/s (*0,00344) 
0434:  MOVFF  25,2D
0438:  MOVFF  24,2C
043C:  MOVFF  23,2B
0440:  MOVFF  22,2A
0444:  MOVLW  9F
0446:  MOVWF  31
0448:  MOVLW  71
044A:  MOVWF  30
044C:  MOVLW  61
044E:  MOVWF  2F
0450:  MOVLW  76
0452:  MOVWF  2E
0454:  BRA    02AE
0456:  MOVFF  03,2D
045A:  MOVFF  02,2C
045E:  MOVFF  01,2B
0462:  MOVFF  00,2A
0466:  BRA    03A2
0468:  MOVFF  03,29
046C:  MOVFF  02,28
0470:  MOVFF  01,27
0474:  MOVFF  00,26
....................    return dist; //dist/2  
0478:  MOVFF  26,00
047C:  MOVFF  27,01
0480:  MOVFF  28,02
0484:  MOVFF  29,03
0488:  GOTO   061C (RETURN)
.................... } 
....................  
....................  
....................  
.................... void main(){ 
*
05C2:  CLRF   FF8
05C4:  BCF    FD0.7
05C6:  BSF    07.7
05C8:  MOVLW  81
05CA:  MOVWF  FAF
05CC:  MOVLW  A6
05CE:  MOVWF  FAC
05D0:  MOVLW  90
05D2:  MOVWF  FAB
05D4:  CLRF   19
05D6:  CLRF   18
05D8:  CLRF   17
05DA:  MOVLW  46
05DC:  MOVWF  16
05DE:  CLRF   1D
05E0:  CLRF   1C
05E2:  CLRF   1B
05E4:  CLRF   1A
05E6:  BSF    FC1.0
05E8:  BSF    FC1.1
05EA:  BSF    FC1.2
05EC:  BCF    FC1.3
05EE:  MOVLW  07
05F0:  MOVWF  FB4
....................    //test des leds en les allumant au démarage 
....................    output_high(PIN_B0); 
05F2:  BCF    F93.0
05F4:  BSF    F8A.0
....................    output_high(PIN_B1); 
05F6:  BCF    F93.1
05F8:  BSF    F8A.1
....................     
....................     
....................    //augmentera tous les 0,4us 
....................    setup_timer_0(RTCC_INTERNAL); //Définit la source pour le timer_0, fixe l'horloge interne comme source 
05FA:  MOVLW  80
05FC:  MOVWF  FD5
....................    //augmentera tous les 1.6us 
....................    setup_timer_1(T1_INTERNAL); //Idem pour le timer_1, régler l'horloge interne comme source 
05FE:  MOVLW  85
0600:  MOVWF  FCD
....................    enable_interrupts(GLOBAL);//Permet l'interuption spécifié,  
0602:  MOVLW  C0
0604:  IORWF  FF2,F
....................    setup_low_volt_detect(FALSE);//Règle les niveaux de déclenchement de la tension et aussi le mode 
0606:  CLRF   FD2
....................    enable_interrupts(INT_RDA);//RDA = RS232 receive data available (activer le rs232) 
0608:  BSF    F9D.5
....................    enable_interrupts(GLOBAL); 
060A:  IORWF  FF2,F
....................     
....................    //Cette fonction nous permet de convertir la limite reçue par le code java (String en int) 
....................    #define toint(c)  ((c) > '9' ? c - '7' : c - '0') //hexadécimale 
....................     
....................    //Les éteinte afin de permettre un délai lors du démarage 
....................    delay_ms(200);  
060C:  MOVLW  C8
060E:  MOVWF  23
0610:  RCALL  0250
....................    output_low(PIN_B0); 
0612:  BCF    F93.0
0614:  BCF    F8A.0
....................    output_low(PIN_B1); 
0616:  BCF    F93.1
0618:  BCF    F8A.1
....................     
....................  
....................    while(true){ //Boucle infinie afin de constament cacluler la valeur de la distance 
....................     
....................       distance = valeurDist(); //Appel à la fonction calculant donc la distance 
061A:  BRA    03E2
061C:  MOVFF  03,1D
0620:  MOVFF  02,1C
0624:  MOVFF  01,1B
0628:  MOVFF  00,1A
....................        
....................       if(distance<seuilLimite){ //si la distance ne dépasse pas la limite alors : 
062C:  MOVF   1D,W
062E:  SUBWF  19,W
0630:  BNC   0654
0632:  BNZ   064A
0634:  MOVF   1C,W
0636:  SUBWF  18,W
0638:  BNC   0654
063A:  BNZ   064A
063C:  MOVF   1B,W
063E:  SUBWF  17,W
0640:  BNC   0654
0642:  BNZ   064A
0644:  MOVF   16,W
0646:  SUBWF  1A,W
0648:  BC    0654
....................          output_low(PIN_B1); //la led rouge est éteinte 
064A:  BCF    F93.1
064C:  BCF    F8A.1
....................          output_high(PIN_B0); //la led verte est allumé 
064E:  BCF    F93.0
0650:  BSF    F8A.0
....................       }else{ 
0652:  BRA    065C
....................          output_low(PIN_B0); //sinon la led verte est éteinte 
0654:  BCF    F93.0
0656:  BCF    F8A.0
....................          output_toggle(PIN_B1); //et la led rouge clignote 
0658:  BCF    F93.1
065A:  BTG    F8A.1
....................       } 
....................        
....................        
....................        
....................        //si la distance est <= 100 alors la PIN_E0 s'allume  
....................        // --> elle représente le point sur le 2éme afficheur 7seg 
....................       if(distance <= 100){ 
065C:  MOVF   1D,F
065E:  BNZ   073C
0660:  MOVF   1C,F
0662:  BNZ   073C
0664:  MOVF   1B,F
0666:  BNZ   073C
0668:  MOVF   1A,W
066A:  SUBLW  64
066C:  BNC   073C
....................          output_low(PIN_E0); 
066E:  BCF    F96.0
0670:  BCF    F8D.0
....................           
....................          //output_d(seg[distance]); 
....................          int ten = distance/10; 
....................          int unit = (distance - (ten*10)); 
0672:  BCF    FD8.1
0674:  MOVFF  1D,31
0678:  MOVFF  1C,30
067C:  MOVFF  1B,2F
0680:  MOVFF  1A,2E
0684:  CLRF   35
0686:  CLRF   34
0688:  CLRF   33
068A:  MOVLW  0A
068C:  MOVWF  32
068E:  RCALL  048C
0690:  MOVFF  00,1E
0694:  MOVF   1E,W
0696:  MULLW  0A
0698:  MOVF   FF3,W
069A:  SUBWF  1A,W
069C:  MOVWF  1F
....................          output_d(((distance/10)<<4)+unit);          
069E:  BCF    FD8.1
06A0:  MOVFF  1D,31
06A4:  MOVFF  1C,30
06A8:  MOVFF  1B,2F
06AC:  MOVFF  1A,2E
06B0:  CLRF   35
06B2:  CLRF   34
06B4:  CLRF   33
06B6:  MOVLW  0A
06B8:  MOVWF  32
06BA:  RCALL  048C
06BC:  MOVFF  03,25
06C0:  MOVFF  02,24
06C4:  MOVFF  01,23
06C8:  MOVFF  00,22
06CC:  RLCF   22,F
06CE:  RLCF   23,F
06D0:  RLCF   24,F
06D2:  RLCF   25,F
06D4:  RLCF   22,F
06D6:  RLCF   23,F
06D8:  RLCF   24,F
06DA:  RLCF   25,F
06DC:  RLCF   22,F
06DE:  RLCF   23,F
06E0:  RLCF   24,F
06E2:  RLCF   25,F
06E4:  RLCF   22,F
06E6:  RLCF   23,F
06E8:  RLCF   24,F
06EA:  RLCF   25,F
06EC:  MOVLW  F0
06EE:  ANDWF  22,F
06F0:  MOVF   1F,W
06F2:  ADDWF  22,F
06F4:  MOVLW  00
06F6:  ADDWFC 23,F
06F8:  ADDWFC 24,F
06FA:  ADDWFC 25,F
06FC:  CLRF   F95
06FE:  MOVFF  22,F8C
....................           
....................          printf("%lu\r\n",distance);//Envoie de la donnée au code java 
0702:  MOVLW  41
0704:  MOVWF  FE9
0706:  MOVFF  1D,25
070A:  MOVFF  1C,24
070E:  MOVFF  1B,23
0712:  MOVFF  1A,22
0716:  RCALL  051A
0718:  MOVLW  0D
071A:  CLRWDT
071C:  BTFSS  F9E.4
071E:  BRA    071A
0720:  MOVWF  FAD
0722:  MOVLW  0A
0724:  CLRWDT
0726:  BTFSS  F9E.4
0728:  BRA    0724
072A:  MOVWF  FAD
....................          delay_ms(300); 
072C:  MOVLW  02
072E:  MOVWF  22
0730:  MOVLW  96
0732:  MOVWF  23
0734:  RCALL  0250
0736:  DECFSZ 22,F
0738:  BRA    0730
....................           
....................       }else{ 
073A:  BRA    083A
....................          output_high(PIN_E0);  
073C:  BCF    F96.0
073E:  BSF    F8D.0
....................           
....................          int ten = distance/100;  
....................          int unit = (distance - (ten*100))/10; 
0740:  BCF    FD8.1
0742:  MOVFF  1D,31
0746:  MOVFF  1C,30
074A:  MOVFF  1B,2F
074E:  MOVFF  1A,2E
0752:  CLRF   35
0754:  CLRF   34
0756:  CLRF   33
0758:  MOVLW  64
075A:  MOVWF  32
075C:  RCALL  048C
075E:  MOVFF  00,20
0762:  MOVF   20,W
0764:  MULLW  64
0766:  MOVF   FF3,W
0768:  SUBWF  1A,W
076A:  MOVWF  22
076C:  MOVLW  00
076E:  SUBWFB 1B,W
0770:  MOVWF  23
0772:  MOVLW  00
0774:  SUBWFB 1C,W
0776:  MOVWF  24
0778:  MOVLW  00
077A:  SUBWFB 1D,W
077C:  MOVWF  25
077E:  BCF    FD8.1
0780:  MOVWF  31
0782:  MOVFF  24,30
0786:  MOVFF  23,2F
078A:  MOVFF  22,2E
078E:  CLRF   35
0790:  CLRF   34
0792:  CLRF   33
0794:  MOVLW  0A
0796:  MOVWF  32
0798:  RCALL  048C
079A:  MOVFF  00,21
....................          output_d(((distance/100)<<4)+unit); //permet de mettre la dizaine à gauche et l'unité à coté 
079E:  BCF    FD8.1
07A0:  MOVFF  1D,31
07A4:  MOVFF  1C,30
07A8:  MOVFF  1B,2F
07AC:  MOVFF  1A,2E
07B0:  CLRF   35
07B2:  CLRF   34
07B4:  CLRF   33
07B6:  MOVLW  64
07B8:  MOVWF  32
07BA:  RCALL  048C
07BC:  MOVFF  03,25
07C0:  MOVFF  02,24
07C4:  MOVFF  01,23
07C8:  MOVFF  00,22
07CC:  RLCF   22,F
07CE:  RLCF   23,F
07D0:  RLCF   24,F
07D2:  RLCF   25,F
07D4:  RLCF   22,F
07D6:  RLCF   23,F
07D8:  RLCF   24,F
07DA:  RLCF   25,F
07DC:  RLCF   22,F
07DE:  RLCF   23,F
07E0:  RLCF   24,F
07E2:  RLCF   25,F
07E4:  RLCF   22,F
07E6:  RLCF   23,F
07E8:  RLCF   24,F
07EA:  RLCF   25,F
07EC:  MOVLW  F0
07EE:  ANDWF  22,F
07F0:  MOVF   21,W
07F2:  ADDWF  22,F
07F4:  MOVLW  00
07F6:  ADDWFC 23,F
07F8:  ADDWFC 24,F
07FA:  ADDWFC 25,F
07FC:  CLRF   F95
07FE:  MOVFF  22,F8C
....................           
....................          printf("%lu\r\n",distance);//Envoie de la donnée au code java 
0802:  MOVLW  41
0804:  MOVWF  FE9
0806:  MOVFF  1D,25
080A:  MOVFF  1C,24
080E:  MOVFF  1B,23
0812:  MOVFF  1A,22
0816:  RCALL  051A
0818:  MOVLW  0D
081A:  CLRWDT
081C:  BTFSS  F9E.4
081E:  BRA    081A
0820:  MOVWF  FAD
0822:  MOVLW  0A
0824:  CLRWDT
0826:  BTFSS  F9E.4
0828:  BRA    0824
082A:  MOVWF  FAD
....................          delay_ms(300); 
082C:  MOVLW  02
082E:  MOVWF  22
0830:  MOVLW  96
0832:  MOVWF  23
0834:  RCALL  0250
0836:  DECFSZ 22,F
0838:  BRA    0830
....................       }  
083A:  BRA    061A
....................        
....................        
....................    } 
.................... } 
....................  
....................  
.................... /* 
.................... Fonction permettant de prendre la valeur limite envoyé par le java 
.................... */ 
.................... #INT_RDA //RS232 receive data available 
.................... void RDA_isr(void){ 
*
00EA:  CLRF   42
00EC:  CLRF   41
00EE:  CLRF   40
00F0:  CLRF   3F
*
083C:  SLEEP 
....................    char reception[4]; //buffer de cinq caractères 
....................    int32 valeurLimite=0; 
....................     
....................     
....................    gets(reception); //C'est ici que nous attendons les char de la valeur attendu 
*
00F2:  CLRF   FEA
00F4:  MOVLW  3B
00F6:  MOVWF  FE9
00F8:  DECF   FE9,F
00FA:  CLRWDT
00FC:  BTFSS  F9E.5
00FE:  BRA    00FA
0100:  MOVFF  FAE,FEC
0104:  MOVLW  0D
0106:  SUBWF  FEF,W
0108:  BNZ   00FA
010A:  CLRF   FEC
....................    
....................    int x = 0; 
010C:  CLRF   43
....................    while(x < 4){ // Lecture du buffer 
010E:  MOVF   43,W
0110:  SUBLW  03
0112:  BNC   012E
....................       if(reception[x] == '\r'){ //passage à la ligne 
0114:  CLRF   03
0116:  MOVF   43,W
0118:  ADDLW  3B
011A:  MOVWF  FE9
011C:  MOVLW  00
011E:  ADDWFC 03,W
0120:  MOVWF  FEA
0122:  MOVF   FEF,W
0124:  SUBLW  0D
0126:  BNZ   012A
....................          break; //Si la fin su char est égale à \r cela veut dire que c'est la fin du int(géré en java)    
0128:  BRA    012E
....................       } 
....................       x++; 
012A:  INCF   43,F
012C:  BRA    010E
....................    } 
....................     
....................    int i=x-1; 
....................    int j=1; //compteur initialiser à 0 
012E:  MOVLW  01
0130:  SUBWF  43,W
0132:  MOVWF  44
0134:  MOVLW  01
0136:  MOVWF  45
....................    while(i > 0){ //i >= 0 Ne marche pas 
0138:  MOVF   44,F
013A:  BZ    01DE
....................       valeurLimite += toint(reception[i])*j; 
013C:  CLRF   03
013E:  MOVF   44,W
0140:  ADDLW  3B
0142:  MOVWF  FE9
0144:  MOVLW  00
0146:  ADDWFC 03,W
0148:  MOVWF  FEA
014A:  MOVF   FEF,W
014C:  SUBLW  39
014E:  BC    016C
0150:  CLRF   03
0152:  MOVF   44,W
0154:  ADDLW  3B
0156:  MOVWF  FE9
0158:  MOVLW  00
015A:  ADDWFC 03,W
015C:  MOVWF  FEA
015E:  MOVLW  37
0160:  SUBWF  FEF,W
0162:  MOVWF  00
0164:  CLRF   01
0166:  CLRF   02
0168:  CLRF   03
016A:  BRA    0186
016C:  CLRF   03
016E:  MOVF   44,W
0170:  ADDLW  3B
0172:  MOVWF  FE9
0174:  MOVLW  00
0176:  ADDWFC 03,W
0178:  MOVWF  FEA
017A:  MOVLW  30
017C:  SUBWF  FEF,W
017E:  MOVWF  00
0180:  CLRF   01
0182:  CLRF   02
0184:  CLRF   03
0186:  MOVFF  03,49
018A:  MOVFF  02,48
018E:  MOVFF  01,47
0192:  MOVFF  00,46
0196:  MOVFF  FEA,4B
019A:  MOVFF  FE9,4A
019E:  MOVFF  03,4F
01A2:  MOVFF  02,4E
01A6:  MOVFF  01,4D
01AA:  MOVFF  00,4C
01AE:  CLRF   53
01B0:  CLRF   52
01B2:  CLRF   51
01B4:  MOVFF  45,50
01B8:  RCALL  0096
01BA:  MOVFF  4B,FEA
01BE:  MOVFF  4A,FE9
01C2:  MOVF   00,W
01C4:  ADDWF  3F,F
01C6:  MOVF   01,W
01C8:  ADDWFC 40,F
01CA:  MOVF   02,W
01CC:  ADDWFC 41,F
01CE:  MOVF   03,W
01D0:  ADDWFC 42,F
....................       j*=10; 
01D2:  MOVF   45,W
01D4:  MULLW  0A
01D6:  MOVFF  FF3,45
....................       i--; 
01DA:  DECF   44,F
01DC:  BRA    0138
....................    } 
....................     
....................    //ajout de la dernière valeur manuellement 
....................    valeurLimite += toint(reception[0])*j; 
01DE:  MOVF   3B,W
01E0:  SUBLW  39
01E2:  BC    01F2
01E4:  MOVLW  37
01E6:  SUBWF  3B,W
01E8:  MOVWF  00
01EA:  CLRF   01
01EC:  CLRF   02
01EE:  CLRF   03
01F0:  BRA    01FE
01F2:  MOVLW  30
01F4:  SUBWF  3B,W
01F6:  MOVWF  00
01F8:  CLRF   01
01FA:  CLRF   02
01FC:  CLRF   03
01FE:  MOVFF  03,49
0202:  MOVFF  02,48
0206:  MOVFF  01,47
020A:  MOVFF  00,46
020E:  MOVFF  03,4F
0212:  MOVFF  02,4E
0216:  MOVFF  01,4D
021A:  MOVFF  00,4C
021E:  CLRF   53
0220:  CLRF   52
0222:  CLRF   51
0224:  MOVFF  45,50
0228:  RCALL  0096
022A:  MOVF   00,W
022C:  ADDWF  3F,F
022E:  MOVF   01,W
0230:  ADDWFC 40,F
0232:  MOVF   02,W
0234:  ADDWFC 41,F
0236:  MOVF   03,W
0238:  ADDWFC 42,F
....................    seuilLimite = valeurLimite; 
023A:  MOVFF  42,19
023E:  MOVFF  41,18
0242:  MOVFF  40,17
0246:  MOVFF  3F,16
024A:  BCF    F9E.5
024C:  GOTO   0054
.................... } 

Configuration Fuses:
   Word  1: 2200   HS NOOSCSEN
   Word  2: 0E0D   NOPUT NOBROWNOUT BORV25 NOWDT WDT128
   Word  3: 0000  
   Word  4: 0081   STVREN NOLVP NODEBUG
   Word  5: C00F   NOPROTECT NOCPB NOCPD
   Word  6: E00F   NOWRT NOWRTC NOWRTB NOWRTD
   Word  7: 400F   NOEBTR NOEBTRB
